
> web@0.1.0 dev
> next dev --port 3300

▲ Next.js 16.2.10 (Turbopack)
- Local:         http://localhost:3300
- Network:       http://100.112.141.75:3300
✓ Ready in 3.3s

 GET / 200 in 1961ms (next.js: 1417ms, application-code: 544ms)
 GET / 200 in 188ms (next.js: 16ms, application-code: 171ms)
✓ Compiled in 378ms
 GET / 200 in 278ms (next.js: 204ms, application-code: 74ms)
✓ Compiled in 185ms
 GET / 200 in 204ms (next.js: 157ms, application-code: 47ms)
Failed to proxy http://localhost:8140/stream Error: read ECONNRESET
    at ignore-listed frames {
  errno: -4077,
  code: 'ECONNRESET',
  syscall: 'read'
}
Error: read ECONNRESET
    at ignore-listed frames {
  errno: -4077,
  code: 'ECONNRESET',
  syscall: 'read'
}
Failed to proxy http://localhost:8140/tracks AggregateError: 
    at ignore-listed frames {
  code: 'ECONNREFUSED',
  [errors]: [
    Error: connect ECONNREFUSED ::1:8140
        at <unknown> (Error: connect ECONNREFUSED ::1:8140) {
      errno: -4078,
      code: 'ECONNREFUSED',
      syscall: 'connect',
      address: '::1',
      port: 8140
    },
    Error: connect ECONNREFUSED 127.0.0.1:8140
        at <unknown> (Error: connect ECONNREFUSED 127.0.0.1:8140) {
      errno: -4078,
      code: 'ECONNREFUSED',
      syscall: 'connect',
      address: '127.0.0.1',
      port: 8140
    }
  ]
}
AggregateError: 
    at ignore-listed frames {
  code: 'ECONNREFUSED',
  [errors]: [
    Error: connect ECONNREFUSED ::1:8140
        at <unknown> (Error: connect ECONNREFUSED ::1:8140) {
      errno: -4078,
      code: 'ECONNREFUSED',
      syscall: 'connect',
      address: '::1',
      port: 8140
    },
    Error: connect ECONNREFUSED 127.0.0.1:8140
        at <unknown> (Error: connect ECONNREFUSED 127.0.0.1:8140) {
      errno: -4078,
      code: 'ECONNREFUSED',
      syscall: 'connect',
      address: '127.0.0.1',
      port: 8140
    }
  ]
}
 GET / 200 in 372ms (next.js: 12ms, application-code: 360ms)
 GET / 200 in 112ms (next.js: 7ms, application-code: 105ms)
Failed to proxy http://localhost:8140/stream Error: read ECONNRESET
    at ignore-listed frames {
  errno: -4077,
  code: 'ECONNRESET',
  syscall: 'read'
}
Error: read ECONNRESET
    at ignore-listed frames {
  errno: -4077,
  code: 'ECONNRESET',
  syscall: 'read'
}
Failed to proxy http://localhost:8140/tracks AggregateError: 
    at ignore-listed frames {
  code: 'ECONNREFUSED',
  [errors]: [
    Error: connect ECONNREFUSED ::1:8140
        at <unknown> (Error: connect ECONNREFUSED ::1:8140) {
      errno: -4078,
      code: 'ECONNREFUSED',
      syscall: 'connect',
      address: '::1',
      port: 8140
    },
    Error: connect ECONNREFUSED 127.0.0.1:8140
        at <unknown> (Error: connect ECONNREFUSED 127.0.0.1:8140) {
      errno: -4078,
      code: 'ECONNREFUSED',
      syscall: 'connect',
      address: '127.0.0.1',
      port: 8140
    }
  ]
}
AggregateError: 
    at ignore-listed frames {
  code: 'ECONNREFUSED',
  [errors]: [
    Error: connect ECONNREFUSED ::1:8140
        at <unknown> (Error: connect ECONNREFUSED ::1:8140) {
      errno: -4078,
      code: 'ECONNREFUSED',
      syscall: 'connect',
      address: '::1',
      port: 8140
    },
    Error: connect ECONNREFUSED 127.0.0.1:8140
        at <unknown> (Error: connect ECONNREFUSED 127.0.0.1:8140) {
      errno: -4078,
      code: 'ECONNREFUSED',
      syscall: 'connect',
      address: '127.0.0.1',
      port: 8140
    }
  ]
}
✓ Compiled in 154ms
 GET / 200 in 324ms (next.js: 220ms, application-code: 104ms)
Failed to proxy http://localhost:8140/stream Error: read ECONNRESET
    at ignore-listed frames {
  errno: -4077,
  code: 'ECONNRESET',
  syscall: 'read'
}
Error: read ECONNRESET
    at ignore-listed frames {
  errno: -4077,
  code: 'ECONNRESET',
  syscall: 'read'
}
Failed to proxy http://localhost:8140/tracks AggregateError: 
    at ignore-listed frames {
  code: 'ECONNREFUSED',
  [errors]: [
    Error: connect ECONNREFUSED ::1:8140
        at <unknown> (Error: connect ECONNREFUSED ::1:8140) {
      errno: -4078,
      code: 'ECONNREFUSED',
      syscall: 'connect',
      address: '::1',
      port: 8140
    },
    Error: connect ECONNREFUSED 127.0.0.1:8140
        at <unknown> (Error: connect ECONNREFUSED 127.0.0.1:8140) {
      errno: -4078,
      code: 'ECONNREFUSED',
      syscall: 'connect',
      address: '127.0.0.1',
      port: 8140
    }
  ]
}
AggregateError: 
    at ignore-listed frames {
  code: 'ECONNREFUSED',
  [errors]: [
    Error: connect ECONNREFUSED ::1:8140
        at <unknown> (Error: connect ECONNREFUSED ::1:8140) {
      errno: -4078,
      code: 'ECONNREFUSED',
      syscall: 'connect',
      address: '::1',
      port: 8140
    },
    Error: connect ECONNREFUSED 127.0.0.1:8140
        at <unknown> (Error: connect ECONNREFUSED 127.0.0.1:8140) {
      errno: -4078,
      code: 'ECONNREFUSED',
      syscall: 'connect',
      address: '127.0.0.1',
      port: 8140
    }
  ]
}
 GET / 200 in 642ms (next.js: 11ms, application-code: 631ms)
 GET / 200 in 208ms (next.js: 10ms, application-code: 197ms)
Failed to proxy http://localhost:8140/stream Error: read ECONNRESET
    at ignore-listed frames {
  errno: -4077,
  code: 'ECONNRESET',
  syscall: 'read'
}
Error: read ECONNRESET
    at ignore-listed frames {
  errno: -4077,
  code: 'ECONNRESET',
  syscall: 'read'
}
Failed to proxy http://localhost:8140/tracks AggregateError: 
    at ignore-listed frames {
  code: 'ECONNREFUSED',
  [errors]: [
    Error: connect ECONNREFUSED ::1:8140
        at <unknown> (Error: connect ECONNREFUSED ::1:8140) {
      errno: -4078,
      code: 'ECONNREFUSED',
      syscall: 'connect',
      address: '::1',
      port: 8140
    },
    Error: connect ECONNREFUSED 127.0.0.1:8140
        at <unknown> (Error: connect ECONNREFUSED 127.0.0.1:8140) {
      errno: -4078,
      code: 'ECONNREFUSED',
      syscall: 'connect',
      address: '127.0.0.1',
      port: 8140
    }
  ]
}
AggregateError: 
    at ignore-listed frames {
  code: 'ECONNREFUSED',
  [errors]: [
    Error: connect ECONNREFUSED ::1:8140
        at <unknown> (Error: connect ECONNREFUSED ::1:8140) {
      errno: -4078,
      code: 'ECONNREFUSED',
      syscall: 'connect',
      address: '::1',
      port: 8140
    },
    Error: connect ECONNREFUSED 127.0.0.1:8140
        at <unknown> (Error: connect ECONNREFUSED 127.0.0.1:8140) {
      errno: -4078,
      code: 'ECONNREFUSED',
      syscall: 'connect',
      address: '127.0.0.1',
      port: 8140
    }
  ]
}
Failed to proxy http://localhost:8140/tracks AggregateError: 
    at ignore-listed frames {
  code: 'ECONNREFUSED',
  [errors]: [
    Error: connect ECONNREFUSED ::1:8140
        at <unknown> (Error: connect ECONNREFUSED ::1:8140) {
      errno: -4078,
      code: 'ECONNREFUSED',
      syscall: 'connect',
      address: '::1',
      port: 8140
    },
    Error: connect ECONNREFUSED 127.0.0.1:8140
        at <unknown> (Error: connect ECONNREFUSED 127.0.0.1:8140) {
      errno: -4078,
      code: 'ECONNREFUSED',
      syscall: 'connect',
      address: '127.0.0.1',
      port: 8140
    }
  ]
}
AggregateError: 
    at ignore-listed frames {
  code: 'ECONNREFUSED',
  [errors]: [
    Error: connect ECONNREFUSED ::1:8140
        at <unknown> (Error: connect ECONNREFUSED ::1:8140) {
      errno: -4078,
      code: 'ECONNREFUSED',
      syscall: 'connect',
      address: '::1',
      port: 8140
    },
    Error: connect ECONNREFUSED 127.0.0.1:8140
        at <unknown> (Error: connect ECONNREFUSED 127.0.0.1:8140) {
      errno: -4078,
      code: 'ECONNREFUSED',
      syscall: 'connect',
      address: '127.0.0.1',
      port: 8140
    }
  ]
}
✓ Compiled in 250ms
 GET / 200 in 350ms (next.js: 273ms, application-code: 77ms)
Failed to proxy http://localhost:8140/stream Error: read ECONNRESET
    at ignore-listed frames {
  errno: -4077,
  code: 'ECONNRESET',
  syscall: 'read'
}
Error: read ECONNRESET
    at ignore-listed frames {
  errno: -4077,
  code: 'ECONNRESET',
  syscall: 'read'
}
Failed to proxy http://localhost:8140/tracks AggregateError: 
    at ignore-listed frames {
  code: 'ECONNREFUSED',
  [errors]: [
    Error: connect ECONNREFUSED ::1:8140
        at <unknown> (Error: connect ECONNREFUSED ::1:8140) {
      errno: -4078,
      code: 'ECONNREFUSED',
      syscall: 'connect',
      address: '::1',
      port: 8140
    },
    Error: connect ECONNREFUSED 127.0.0.1:8140
        at <unknown> (Error: connect ECONNREFUSED 127.0.0.1:8140) {
      errno: -4078,
      code: 'ECONNREFUSED',
      syscall: 'connect',
      address: '127.0.0.1',
      port: 8140
    }
  ]
}
AggregateError: 
    at ignore-listed frames {
  code: 'ECONNREFUSED',
  [errors]: [
    Error: connect ECONNREFUSED ::1:8140
        at <unknown> (Error: connect ECONNREFUSED ::1:8140) {
      errno: -4078,
      code: 'ECONNREFUSED',
      syscall: 'connect',
      address: '::1',
      port: 8140
    },
    Error: connect ECONNREFUSED 127.0.0.1:8140
        at <unknown> (Error: connect ECONNREFUSED 127.0.0.1:8140) {
      errno: -4078,
      code: 'ECONNREFUSED',
      syscall: 'connect',
      address: '127.0.0.1',
      port: 8140
    }
  ]
}
 GET / 200 in 721ms (next.js: 45ms, application-code: 676ms)
Failed to proxy http://localhost:8140/stream Error: read ECONNRESET
    at ignore-listed frames {
  errno: -4077,
  code: 'ECONNRESET',
  syscall: 'read'
}
Error: read ECONNRESET
    at ignore-listed frames {
  errno: -4077,
  code: 'ECONNRESET',
  syscall: 'read'
}
Failed to proxy http://localhost:8140/tracks AggregateError: 
    at ignore-listed frames {
  code: 'ECONNREFUSED',
  [errors]: [
    Error: connect ECONNREFUSED ::1:8140
        at <unknown> (Error: connect ECONNREFUSED ::1:8140) {
      errno: -4078,
      code: 'ECONNREFUSED',
      syscall: 'connect',
      address: '::1',
      port: 8140
    },
    Error: connect ECONNREFUSED 127.0.0.1:8140
        at <unknown> (Error: connect ECONNREFUSED 127.0.0.1:8140) {
      errno: -4078,
      code: 'ECONNREFUSED',
      syscall: 'connect',
      address: '127.0.0.1',
      port: 8140
    }
  ]
}
AggregateError: 
    at ignore-listed frames {
  code: 'ECONNREFUSED',
  [errors]: [
    Error: connect ECONNREFUSED ::1:8140
        at <unknown> (Error: connect ECONNREFUSED ::1:8140) {
      errno: -4078,
      code: 'ECONNREFUSED',
      syscall: 'connect',
      address: '::1',
      port: 8140
    },
    Error: connect ECONNREFUSED 127.0.0.1:8140
        at <unknown> (Error: connect ECONNREFUSED 127.0.0.1:8140) {
      errno: -4078,
      code: 'ECONNREFUSED',
      syscall: 'connect',
      address: '127.0.0.1',
      port: 8140
    }
  ]
}
 GET / 200 in 301ms (next.js: 9ms, application-code: 292ms)
 GET / 200 in 483ms (next.js: 10ms, application-code: 473ms)
Failed to proxy http://localhost:8140/stream Error: read ECONNRESET
    at ignore-listed frames {
  errno: -4077,
  code: 'ECONNRESET',
  syscall: 'read'
}
Error: read ECONNRESET
    at ignore-listed frames {
  errno: -4077,
  code: 'ECONNRESET',
  syscall: 'read'
}
Failed to proxy http://localhost:8140/tracks AggregateError: 
    at ignore-listed frames {
  code: 'ECONNREFUSED',
  [errors]: [
    Error: connect ECONNREFUSED ::1:8140
        at <unknown> (Error: connect ECONNREFUSED ::1:8140) {
      errno: -4078,
      code: 'ECONNREFUSED',
      syscall: 'connect',
      address: '::1',
      port: 8140
    },
    Error: connect ECONNREFUSED 127.0.0.1:8140
        at <unknown> (Error: connect ECONNREFUSED 127.0.0.1:8140) {
      errno: -4078,
      code: 'ECONNREFUSED',
      syscall: 'connect',
      address: '127.0.0.1',
      port: 8140
    }
  ]
}
AggregateError: 
    at ignore-listed frames {
  code: 'ECONNREFUSED',
  [errors]: [
    Error: connect ECONNREFUSED ::1:8140
        at <unknown> (Error: connect ECONNREFUSED ::1:8140) {
      errno: -4078,
      code: 'ECONNREFUSED',
      syscall: 'connect',
      address: '::1',
      port: 8140
    },
    Error: connect ECONNREFUSED 127.0.0.1:8140
        at <unknown> (Error: connect ECONNREFUSED 127.0.0.1:8140) {
      errno: -4078,
      code: 'ECONNREFUSED',
      syscall: 'connect',
      address: '127.0.0.1',
      port: 8140
    }
  ]
}
✓ Compiled in 393ms
 GET / 200 in 1235ms (next.js: 1101ms, application-code: 134ms)
✓ Compiled in 147ms
 GET / 200 in 278ms (next.js: 217ms, application-code: 61ms)
Failed to proxy http://localhost:8140/stream Error: read ECONNRESET
    at ignore-listed frames {
  errno: -4077,
  code: 'ECONNRESET',
  syscall: 'read'
}
Error: read ECONNRESET
    at ignore-listed frames {
  errno: -4077,
  code: 'ECONNRESET',
  syscall: 'read'
}
Failed to proxy http://localhost:8140/tracks AggregateError: 
    at ignore-listed frames {
  code: 'ECONNREFUSED',
  [errors]: [
    Error: connect ECONNREFUSED ::1:8140
        at <unknown> (Error: connect ECONNREFUSED ::1:8140) {
      errno: -4078,
      code: 'ECONNREFUSED',
      syscall: 'connect',
      address: '::1',
      port: 8140
    },
    Error: connect ECONNREFUSED 127.0.0.1:8140
        at <unknown> (Error: connect ECONNREFUSED 127.0.0.1:8140) {
      errno: -4078,
      code: 'ECONNREFUSED',
      syscall: 'connect',
      address: '127.0.0.1',
      port: 8140
    }
  ]
}
AggregateError: 
    at ignore-listed frames {
  code: 'ECONNREFUSED',
  [errors]: [
    Error: connect ECONNREFUSED ::1:8140
        at <unknown> (Error: connect ECONNREFUSED ::1:8140) {
      errno: -4078,
      code: 'ECONNREFUSED',
      syscall: 'connect',
      address: '::1',
      port: 8140
    },
    Error: connect ECONNREFUSED 127.0.0.1:8140
        at <unknown> (Error: connect ECONNREFUSED 127.0.0.1:8140) {
      errno: -4078,
      code: 'ECONNREFUSED',
      syscall: 'connect',
      address: '127.0.0.1',
      port: 8140
    }
  ]
}
✓ Compiled in 948ms
✓ Compiled in 269ms
✓ Compiled in 2.3s
 GET / 200 in 397ms (next.js: 300ms, application-code: 97ms)
Failed to proxy http://localhost:8140/stream Error: read ECONNRESET
    at ignore-listed frames {
  errno: -4077,
  code: 'ECONNRESET',
  syscall: 'read'
}
Error: read ECONNRESET
    at ignore-listed frames {
  errno: -4077,
  code: 'ECONNRESET',
  syscall: 'read'
}
Failed to proxy http://localhost:8140/tracks AggregateError: 
    at ignore-listed frames {
  code: 'ECONNREFUSED',
  [errors]: [
    Error: connect ECONNREFUSED ::1:8140
        at <unknown> (Error: connect ECONNREFUSED ::1:8140) {
      errno: -4078,
      code: 'ECONNREFUSED',
      syscall: 'connect',
      address: '::1',
      port: 8140
    },
    Error: connect ECONNREFUSED 127.0.0.1:8140
        at <unknown> (Error: connect ECONNREFUSED 127.0.0.1:8140) {
      errno: -4078,
      code: 'ECONNREFUSED',
      syscall: 'connect',
      address: '127.0.0.1',
      port: 8140
    }
  ]
}
AggregateError: 
    at ignore-listed frames {
  code: 'ECONNREFUSED',
  [errors]: [
    Error: connect ECONNREFUSED ::1:8140
        at <unknown> (Error: connect ECONNREFUSED ::1:8140) {
      errno: -4078,
      code: 'ECONNREFUSED',
      syscall: 'connect',
      address: '::1',
      port: 8140
    },
    Error: connect ECONNREFUSED 127.0.0.1:8140
        at <unknown> (Error: connect ECONNREFUSED 127.0.0.1:8140) {
      errno: -4078,
      code: 'ECONNREFUSED',
      syscall: 'connect',
      address: '127.0.0.1',
      port: 8140
    }
  ]
}
Failed to proxy http://localhost:8140/stream AggregateError: 
    at ignore-listed frames {
  code: 'ECONNREFUSED',
  [errors]: [
    Error: connect ECONNREFUSED ::1:8140
        at <unknown> (Error: connect ECONNREFUSED ::1:8140) {
      errno: -4078,
      code: 'ECONNREFUSED',
      syscall: 'connect',
      address: '::1',
      port: 8140
    },
    Error: connect ECONNREFUSED 127.0.0.1:8140
        at <unknown> (Error: connect ECONNREFUSED 127.0.0.1:8140) {
      errno: -4078,
      code: 'ECONNREFUSED',
      syscall: 'connect',
      address: '127.0.0.1',
      port: 8140
    }
  ]
}
AggregateError: 
    at ignore-listed frames {
  code: 'ECONNREFUSED',
  [errors]: [
    Error: connect ECONNREFUSED ::1:8140
        at <unknown> (Error: connect ECONNREFUSED ::1:8140) {
      errno: -4078,
      code: 'ECONNREFUSED',
      syscall: 'connect',
      address: '::1',
      port: 8140
    },
    Error: connect ECONNREFUSED 127.0.0.1:8140
        at <unknown> (Error: connect ECONNREFUSED 127.0.0.1:8140) {
      errno: -4078,
      code: 'ECONNREFUSED',
      syscall: 'connect',
      address: '127.0.0.1',
      port: 8140
    }
  ]
}
✓ Compiled in 514ms
 GET / 200 in 545ms (next.js: 437ms, application-code: 109ms)
✓ Compiled in 156ms
 GET / 200 in 370ms (next.js: 192ms, application-code: 178ms)
✓ Compiled in 404ms
 GET / 200 in 422ms (next.js: 289ms, application-code: 133ms)
✓ Compiled in 158ms
 GET / 200 in 370ms (next.js: 248ms, application-code: 122ms)
✓ Compiled in 352ms
 GET / 200 in 282ms (next.js: 191ms, application-code: 91ms)
✓ Compiled in 598ms
 GET / 200 in 1242ms (next.js: 1091ms, application-code: 151ms)
Failed to proxy http://localhost:8140/tracks/20260728-094539-req-add-headless-unit-tests/lane Error: socket hang up
    at ignore-listed frames {
  code: 'ECONNRESET'
}
Error: socket hang up
    at ignore-listed frames {
  code: 'ECONNRESET'
}
Failed to proxy http://localhost:8140/tracks/20260728-094539-req-add-headless-unit-tests/lane Error: socket hang up
    at ignore-listed frames {
  code: 'ECONNRESET'
}
Error: socket hang up
    at ignore-listed frames {
  code: 'ECONNRESET'
}
✓ Compiled in 407ms
 GET / 200 in 786ms (next.js: 681ms, application-code: 104ms)
✓ Compiled in 160ms
 GET / 200 in 268ms (next.js: 201ms, application-code: 67ms)
[?25h
